---
source: cli/tests/account_primary.rs
assertion_line: 84
expression: transcript
---
$ codex account primary use Remote seat
Host sign-in source saved. Inference selection was not changed.
Remote Control follows this account and workspace; reconnect or pair again if the owner changed.
Source: Pool profile seat-a
Account: alice@example.com
Remote authentication: Ready
This is the host login source. Remote connection availability and device pairing are separate.

$ codex account primary use bob@example.com
Host sign-in source saved. Inference selection was not changed.
Remote Control follows this account and workspace; reconnect or pair again if the owner changed.
Source: Pool profile seat-b
Account: bob@example.com
Remote authentication: Ready
This is the host login source. Remote connection availability and device pairing are separate.

$ codex account primary logout
Host signed out. Subscription pool credentials were retained.
Source: Signed out
Remote authentication: Host sign-in required
This is the host login source. Remote connection availability and device pairing are separate.

$ codex account primary root
Host sign-in now uses the root login. Pool inference selection was not changed.
Source: Root login
Account: root@example.com
Remote authentication: Ready
This is the host login source. Remote connection availability and device pairing are separate.
