---
source: cli/tests/account_primary.rs
assertion_line: 129
expression: transcript
---
$ codex account primary use Remote seat
Host sign-in source saved. Inference selection was not changed.
Running hosts apply this selection automatically. An enabled Remote service reconnects; a disabled service stays disabled.
Saved source: Remote seat
Account: alice@example.com
Host authentication: Stored sign-in available
Remote service: Not reported by a recent running host.
Host sign-in and inference selection are independent. Devices may need pairing for a new owner.

$ codex account primary use bob@example.com
Host sign-in source saved. Inference selection was not changed.
Running hosts apply this selection automatically. An enabled Remote service reconnects; a disabled service stays disabled.
Saved source: bob@example.com
Account: bob@example.com
Host authentication: Stored sign-in available
Remote service: Not reported by a recent running host.
Host sign-in and inference selection are independent. Devices may need pairing for a new owner.

$ codex account primary logout
Host signed out. Subscription pool credentials were retained.
Saved source: Signed out
Host authentication: Signed out
Remote service: Not reported by a recent running host.
Host sign-in and inference selection are independent. Devices may need pairing for a new owner.

$ codex account primary root
Host sign-in now uses the root login. Pool inference selection was not changed.
Saved source: Root login
Account: root@example.com
Host authentication: Stored sign-in available
Remote service: Not reported by a recent running host.
Host sign-in and inference selection are independent. Devices may need pairing for a new owner.
