---
source: app-server/src/mobile_account_status_tests.rs
assertion_line: 55
expression: text
---
Accounts · 1/1
Cached quota

Work · Current · Quota unavailable
Retry: /account retry @secret-w (probes quota)
Primary: 37% used · age unknown
Reset: passed · awaiting refresh
Secondary: unknown used · age unknown
Reset: unknown

Each window retains its last accepted observation.
Details: /account show <label|@selector>
Controls: /account help
