---
source: tui/src/app/daemon_menu_tests.rs
assertion_line: 203
expression: "render_bottom_popup(&app.chat_widget, 80)"
---
  Daemon
  Not connected to the local background server.
  Fork releases: https://github.com/gps949/codex/releases
  Manage this server on its host. Local daemon updates are unavailable for
  remote connections.


›    Install latest public stable (disabled)  Official updates would replace
                                              this fork
     Use this CLI build

  enter select · esc back
