---
source: cli/src/account_manager_display_tests.rs
expression: output
---
Codex Accounts

Target: API target unavailable
Subscription pool: Enabled
3 subscription accounts · 2 ready · 0 checking
Quota percentages show USED allowance; ? means not checked.
Next: O returns to automatic subscriptions. API requests are provider billed.

     ACCOUNT                    PLAN       AVAILABILITY     PRIMARY  WEEKLY   CREDITS
   1 Personal                   Pro        Ready                1%       ?        2
   2 工作席位                   Pro        Waiting reset      100%       ?        ?
   3 Standby                    Pro        Ready                9%       ?       10

API accounts · fallback off
