---
source: cli/src/account_manager_display_tests.rs
assertion_line: 74
expression: output
---
Codex Accounts

Target: Automatic subscriptions
Subscription pool: Enabled
3 subscription accounts · 2 ready · 0 checking
Quota percentages show USED allowance; ? means not checked.
Next: Choose an account number to view quota, credits and actions.

     ACCOUNT                    PLAN       AVAILABILITY    PRIMARY  WEEKLY  CREDITS
*  1 Personal                   Pro        Ready                1%       ?        2
   2 工作席位                   Pro        Cooling down       100%       ?        ?
   3 Standby                    Pro        Ready                9%       ?       10

API accounts · fallback off
