---
source: cli/src/account_manager_primary_tests.rs
assertion_line: 28
expression: "format!(\"English:\\n{}\\nChinese:\\n{}\", render(&inventory, Locale::English),\nrender(&inventory, Locale::SimplifiedChinese),)"
---
English:
Host sign-in / Remote Control
Saved source: Personal
Email: alice@example.com
Stored credentials: Available
Host sign-in and inference selection are independent.
No recent host confirmation for this selection. Stored credentials do not confirm Remote Control is connected.
Host sign-in and inference selection are independent.
The phone must use the matching account and workspace. A new owner may require pairing again.

Disabled inference accounts can still be used for host sign-in.
[number] Choose host account  [R] Root login  [X] Sign out host  [Enter] Back
Chinese:
主登录 / 远程控制
保存的登录来源：Personal
邮箱：alice@example.com
保存的凭据：可用
主登录与推理账号选择相互独立。
主机尚未近期确认此选择；已保存凭据不代表远程控制已连接。
主登录与推理账号选择相互独立。
手机需使用对应账号和工作区；主登录身份改变后可能需要重新配对。

推理中停用的账号仍可用作主登录。
[编号] 选择主登录账号  [R] 根目录登录  [X] 退出主登录  [回车] 返回
