---
source: cli/src/account_cmd/display_tests.rs
expression: output
---
ACCOUNT        PROFILE        NOW  LOGIN    AVAILABILITY    PLAN  PRI  5H USED  WEEK USED
研发 [31m é👩‍💻  acct-…00001-1  *    cached   eligible        Pro   10   unknown  unknown
Personal       acct-…00002-1  -    missing  login required  Pro   10   unknown  unknown
Login: stored credentials, unverified.
Availability: cached scheduling state.
* current; use unique label or full ID.
IDs: --show-profile; details: --details.
Full metadata: --format json.
